React Compiler enabled
Starting Metro Bundler
Android node_modules/expo-router/entry.js ▓▓▓▓░░░░░░░░░░░░ 30.6% (352/678)
Android node_modules/expo-router/entry.js ▓▓▓▓▓░░░░░░░░░░░ 36.4% ( 813/1347)
Android node_modules/expo-router/entry.js ▓▓▓▓▓▓▓▓░░░░░░░░ 55.6% (1183/1586)
Android node_modules/expo-router/entry.js ▓▓▓▓▓▓▓▓▓▓▓░░░░░ 70.8% (1722/2047)
Android Bundled 16500ms node_modules/expo-router/entry.js (2058 modules)

Processing asset bundle patterns:
- /home/lewis/Workspace/rainbow-paint-by-numbers/assets/images/levels/**/original.png
- /home/lewis/Workspace/rainbow-paint-by-numbers/assets/images/levels/**/lines.png
- /home/lewis/Workspace/rainbow-paint-by-numbers/assets/images/levels/**/map.png
- /home/lewis/Workspace/rainbow-paint-by-numbers/assets/images/levels/**/reward.mp4
- /home/lewis/Workspace/rainbow-paint-by-numbers/assets/fonts/*.ttf
- /home/lewis/Workspace/rainbow-paint-by-numbers/assets/sounds/*.mp3
- /home/lewis/Workspace/rainbow-paint-by-numbers/node_modules/@expo/vector-icons/build/vendor/react-native-vector-icons/Fonts/Entypo.ttf
- /home/lewis/Workspace/rainbow-paint-by-numbers/node_modules/@expo/vector-icons/build/vendor/react-native-vector-icons/Fonts/Ionicons.ttf
- /home/lewis/Workspace/rainbow-paint-by-numbers/node_modules/@expo/vector-icons/build/vendor/react-native-vector-icons/Fonts/MaterialCommunityIcons.ttf
Creating asset map

› Assets (239):
assets/fonts/Comfortaa-Regular.ttf (111 kB)
assets/fonts/Fredoka-SemiBold.ttf (50 kB)
assets/images/levels/1/lines.png (31.4 kB)
assets/images/levels/1/map.png (28.5 kB)
assets/images/levels/1/original.png (46.2 kB)
assets/images/levels/1/reward.mp4 (658 kB)
assets/images/levels/10/lines.png (21.4 kB)
assets/images/levels/10/map.png (19.1 kB)
assets/images/levels/10/original.png (31.9 kB)
assets/images/levels/10/reward.mp4 (579 kB)
assets/images/levels/11/lines.png (43.6 kB)
assets/images/levels/11/map.png (31.2 kB)
assets/images/levels/11/original.png (60.1 kB)
assets/images/levels/11/reward.mp4 (894 kB)
assets/images/levels/12/lines.png (25.2 kB)
assets/images/levels/12/map.png (20.3 kB)
assets/images/levels/12/original.png (31.2 kB)
assets/images/levels/12/reward.mp4 (467 kB)
assets/images/levels/13/lines.png (28.2 kB)
assets/images/levels/13/map.png (22.9 kB)
assets/images/levels/13/original.png (36.2 kB)
assets/images/levels/13/reward.mp4 (574 kB)
assets/images/levels/14/lines.png (20.5 kB)
assets/images/levels/14/map.png (18.2 kB)
assets/images/levels/14/original.png (27.7 kB)
assets/images/levels/14/reward.mp4 (392 kB)
assets/images/levels/15/lines.png (26.4 kB)
assets/images/levels/15/map.png (21.6 kB)
assets/images/levels/15/original.png (35.8 kB)
assets/images/levels/15/reward.mp4 (523 kB)
assets/images/levels/16/lines.png (36.9 kB)
assets/images/levels/16/map.png (31.7 kB)
assets/images/levels/16/original.png (49.9 kB)
assets/images/levels/16/reward.mp4 (437 kB)
assets/images/levels/17/lines.png (25.6 kB)
assets/images/levels/17/map.png (22 kB)
assets/images/levels/17/original.png (39.3 kB)
assets/images/levels/17/reward.mp4 (614 kB)
assets/images/levels/18/lines.png (26.1 kB)
assets/images/levels/18/map.png (21.3 kB)
assets/images/levels/18/original.png (33.1 kB)
assets/images/levels/18/reward.mp4 (399 kB)
assets/images/levels/19/lines.png (34.7 kB)
assets/images/levels/19/map.png (30.6 kB)
assets/images/levels/19/original.png (50.4 kB)
assets/images/levels/19/reward.mp4 (529 kB)
assets/images/levels/2/lines.png (35.5 kB)
assets/images/levels/2/map.png (32.3 kB)
assets/images/levels/2/original.png (49.3 kB)
assets/images/levels/2/reward.mp4 (787 kB)
assets/images/levels/20/lines.png (29.8 kB)
assets/images/levels/20/map.png (25 kB)
assets/images/levels/20/original.png (40.5 kB)
assets/images/levels/20/reward.mp4 (539 kB)
assets/images/levels/21/lines.png (24.1 kB)
assets/images/levels/21/map.png (19 kB)
assets/images/levels/21/original.png (32.4 kB)
assets/images/levels/21/reward.mp4 (228 kB)
assets/images/levels/22/lines.png (30.1 kB)
assets/images/levels/22/map.png (26.9 kB)
assets/images/levels/22/original.png (49.1 kB)
assets/images/levels/22/reward.mp4 (203 kB)
assets/images/levels/23/lines.png (22.5 kB)
assets/images/levels/23/map.png (21 kB)
assets/images/levels/23/original.png (32.8 kB)
assets/images/levels/23/reward.mp4 (309 kB)
assets/images/levels/24/lines.png (32.7 kB)
assets/images/levels/24/map.png (28.3 kB)
assets/images/levels/24/original.png (47.4 kB)
assets/images/levels/24/reward.mp4 (728 kB)
assets/images/levels/25/lines.png (44.6 kB)
assets/images/levels/25/map.png (43.4 kB)
assets/images/levels/25/original.png (71.6 kB)
assets/images/levels/25/reward.mp4 (560 kB)
assets/images/levels/26/lines.png (25.2 kB)
assets/images/levels/26/map.png (21.1 kB)
assets/images/levels/26/original.png (40.4 kB)
assets/images/levels/26/reward.mp4 (549 kB)
assets/images/levels/27/lines.png (30.1 kB)
assets/images/levels/27/map.png (23.4 kB)
assets/images/levels/27/original.png (42.3 kB)
assets/images/levels/27/reward.mp4 (661 kB)
assets/images/levels/28/lines.png (32.7 kB)
assets/images/levels/28/map.png (30.4 kB)
assets/images/levels/28/original.png (51.6 kB)
assets/images/levels/28/reward.mp4 (1.16 MB)
assets/images/levels/29/lines.png (28.8 kB)
assets/images/levels/29/map.png (24.9 kB)
assets/images/levels/29/original.png (42.6 kB)
assets/images/levels/29/reward.mp4 (462 kB)
assets/images/levels/3/lines.png (25 kB)
assets/images/levels/3/map.png (21.9 kB)
assets/images/levels/3/original.png (35.7 kB)
assets/images/levels/3/reward.mp4 (293 kB)
assets/images/levels/30/lines.png (25.2 kB)
assets/images/levels/30/map.png (20.8 kB)
assets/images/levels/30/original.png (27 kB)
assets/images/levels/30/reward.mp4 (798 kB)
assets/images/levels/31/lines.png (36.1 kB)
assets/images/levels/31/map.png (25 kB)
assets/images/levels/31/original.png (53.3 kB)
assets/images/levels/31/reward.mp4 (738 kB)
assets/images/levels/32/lines.png (32.1 kB)
assets/images/levels/32/map.png (25.9 kB)
assets/images/levels/32/original.png (47.1 kB)
assets/images/levels/32/reward.mp4 (860 kB)
assets/images/levels/33/lines.png (37.6 kB)
assets/images/levels/33/map.png (29.8 kB)
assets/images/levels/33/original.png (53.4 kB)
assets/images/levels/33/reward.mp4 (1.51 MB)
assets/images/levels/34/lines.png (31.3 kB)
assets/images/levels/34/map.png (25.6 kB)
assets/images/levels/34/original.png (36.2 kB)
assets/images/levels/34/reward.mp4 (949 kB)
assets/images/levels/35/lines.png (19 kB)
assets/images/levels/35/map.png (14.7 kB)
assets/images/levels/35/original.png (15.2 kB)
assets/images/levels/35/reward.mp4 (435 kB)
assets/images/levels/36/lines.png (30.1 kB)
assets/images/levels/36/map.png (25.8 kB)
assets/images/levels/36/original.png (46.7 kB)
assets/images/levels/36/reward.mp4 (1.02 MB)
assets/images/levels/37/lines.png (23.2 kB)
assets/images/levels/37/map.png (19.4 kB)
assets/images/levels/37/original.png (30.6 kB)
assets/images/levels/37/reward.mp4 (452 kB)
assets/images/levels/38/lines.png (24.7 kB)
assets/images/levels/38/map.png (21.5 kB)
assets/images/levels/38/original.png (35.1 kB)
assets/images/levels/38/reward.mp4 (522 kB)
assets/images/levels/39/lines.png (20.3 kB)
assets/images/levels/39/map.png (12.6 kB)
assets/images/levels/39/original.png (23.1 kB)
assets/images/levels/39/reward.mp4 (519 kB)
assets/images/levels/4/lines.png (24.2 kB)
assets/images/levels/4/map.png (21.6 kB)
assets/images/levels/4/original.png (33.6 kB)
assets/images/levels/4/reward.mp4 (515 kB)
assets/images/levels/40/lines.png (33.4 kB)
assets/images/levels/40/map.png (27.6 kB)
assets/images/levels/40/original.png (45 kB)
assets/images/levels/40/reward.mp4 (309 kB)
assets/images/levels/41/lines.png (24.1 kB)
assets/images/levels/41/map.png (18.1 kB)
assets/images/levels/41/original.png (31.1 kB)
assets/images/levels/41/reward.mp4 (493 kB)
assets/images/levels/42/lines.png (26.2 kB)
assets/images/levels/42/map.png (17.4 kB)
assets/images/levels/42/original.png (30.5 kB)
assets/images/levels/42/reward.mp4 (585 kB)
assets/images/levels/43/lines.png (20.9 kB)
assets/images/levels/43/map.png (18.7 kB)
assets/images/levels/43/original.png (33.3 kB)
assets/images/levels/43/reward.mp4 (386 kB)
assets/images/levels/44/lines.png (25.9 kB)
assets/images/levels/44/map.png (20.9 kB)
assets/images/levels/44/original.png (34.9 kB)
assets/images/levels/44/reward.mp4 (831 kB)
assets/images/levels/45/lines.png (20.6 kB)
assets/images/levels/45/map.png (18.5 kB)
assets/images/levels/45/original.png (28.3 kB)
assets/images/levels/45/reward.mp4 (314 kB)
assets/images/levels/46/lines.png (24.3 kB)
assets/images/levels/46/map.png (17.8 kB)
assets/images/levels/46/original.png (36.4 kB)
assets/images/levels/46/reward.mp4 (370 kB)
assets/images/levels/47/lines.png (24.3 kB)
assets/images/levels/47/map.png (15 kB)
assets/images/levels/47/original.png (28.8 kB)
assets/images/levels/47/reward.mp4 (789 kB)
assets/images/levels/48/lines.png (25.2 kB)
assets/images/levels/48/map.png (20.6 kB)
assets/images/levels/48/original.png (34.8 kB)
assets/images/levels/48/reward.mp4 (1.06 MB)
assets/images/levels/49/lines.png (26.2 kB)
assets/images/levels/49/map.png (20.8 kB)
assets/images/levels/49/original.png (33 kB)
assets/images/levels/49/reward.mp4 (822 kB)
assets/images/levels/5/lines.png (25.4 kB)
assets/images/levels/5/map.png (20.6 kB)
assets/images/levels/5/original.png (34.4 kB)
assets/images/levels/5/reward.mp4 (743 kB)
assets/images/levels/50/lines.png (24.8 kB)
assets/images/levels/50/map.png (16.8 kB)
assets/images/levels/50/original.png (34.1 kB)
assets/images/levels/50/reward.mp4 (339 kB)
assets/images/levels/51/lines.png (29.7 kB)
assets/images/levels/51/map.png (27.3 kB)
assets/images/levels/51/original.png (39.1 kB)
assets/images/levels/51/reward.mp4 (779 kB)
assets/images/levels/52/lines.png (26.5 kB)
assets/images/levels/52/map.png (21.8 kB)
assets/images/levels/52/original.png (36.2 kB)
assets/images/levels/52/reward.mp4 (891 kB)
assets/images/levels/53/lines.png (31.6 kB)
assets/images/levels/53/map.png (28.9 kB)
assets/images/levels/53/original.png (51.1 kB)
assets/images/levels/53/reward.mp4 (1.3 MB)
assets/images/levels/54/lines.png (23.3 kB)
assets/images/levels/54/map.png (14.3 kB)
assets/images/levels/54/original.png (28.5 kB)
assets/images/levels/54/reward.mp4 (608 kB)
assets/images/levels/55/lines.png (19.7 kB)
assets/images/levels/55/map.png (17.7 kB)
assets/images/levels/55/original.png (28.8 kB)
assets/images/levels/55/reward.mp4 (560 kB)
assets/images/levels/56/lines.png (28 kB)
assets/images/levels/56/map.png (20.7 kB)
assets/images/levels/56/original.png (39 kB)
assets/images/levels/56/reward.mp4 (937 kB)
assets/images/levels/57/lines.png (37.1 kB)
assets/images/levels/57/map.png (28.3 kB)
assets/images/levels/57/original.png (58.6 kB)
assets/images/levels/57/reward.mp4 (1.08 MB)
assets/images/levels/58/lines.png (31.9 kB)
assets/images/levels/58/map.png (24.6 kB)
assets/images/levels/58/original.png (40.3 kB)
assets/images/levels/58/reward.mp4 (696 kB)
assets/images/levels/6/lines.png (35 kB)
assets/images/levels/6/map.png (28.5 kB)
assets/images/levels/6/original.png (47.3 kB)
assets/images/levels/6/reward.mp4 (501 kB)
assets/images/levels/7/lines.png (35.7 kB)
assets/images/levels/7/map.png (31.6 kB)
assets/images/levels/7/original.png (59.9 kB)
assets/images/levels/7/reward.mp4 (1.15 MB)
assets/images/levels/8/lines.png (30.7 kB)
assets/images/levels/8/map.png (26.9 kB)
assets/images/levels/8/original.png (38.9 kB)
assets/images/levels/8/reward.mp4 (599 kB)
assets/images/levels/9/lines.png (30.2 kB)
assets/images/levels/9/map.png (26.3 kB)
assets/images/levels/9/original.png (42.9 kB)
assets/images/levels/9/reward.mp4 (465 kB)
assets/sounds/celebration.mp3 (156 kB)
assets/sounds/pop.mp3 (10.1 kB)
node_modules/@expo/vector-icons/build/vendor/react-native-vector-icons/Fonts/Entypo.ttf (66.2 kB)
node_modules/@expo/vector-icons/build/vendor/react-native-vector-icons/Fonts/Ionicons.ttf (390 kB)
node_modules/@expo/vector-icons/build/vendor/react-native-vector-icons/Fonts/MaterialCommunityIcons.ttf (1.31 MB)

› android bundles (1):
_expo/static/js/android/entry-fa4c67af6a60c138a86d260342cc78b0.hbc (5.13 MB)

› Files (2):
assetmap.json (128 kB)
metadata.json (15.2 kB)

Exported: /tmp/rainbow-assets-android-20261004
