Processing 30 files (levels 29 to 58)...
Using IMPROVED settings: MERGE=60, GAP=20, DESPECKLE=5
Processing 29.png...
   - Resizing from (1024, 1024) to (1024, 1024)...
   - Ironing gradients...
   - K-Means: 24 colors.
   - Merged to 16 colors.
   - Melting gaps...
   - Analyzing Darkest Color (ID: 0, Lum: 5.9)...
   - SUCCESS: Detected lines (thinner than 30px).
   - Grouping neighbors and placing labels...
   - Consolidated 28 regions into 21 labels.
Processing 30.png...
   - Resizing from (1024, 1024) to (1024, 1024)...
   - Ironing gradients...
   - K-Means: 24 colors.
   - Merged to 17 colors.
   - Melting gaps...
   - Analyzing Darkest Color (ID: 0, Lum: 0.4)...
   - SUCCESS: Detected lines (thinner than 30px).
   - Grouping neighbors and placing labels...
   - Consolidated 42 regions into 28 labels.
Processing 31.png...
   - Resizing from (1024, 1024) to (1024, 1024)...
   - Ironing gradients...
   - K-Means: 24 colors.
   - Merged to 15 colors.
   - Melting gaps...
   - Analyzing Darkest Color (ID: 0, Lum: 9.7)...
   - SUCCESS: Detected lines (thinner than 30px).
   - Grouping neighbors and placing labels...
   - Consolidated 105 regions into 80 labels.
Processing 32.png...
   - Resizing from (1024, 1024) to (1024, 1024)...
   - Ironing gradients...
   - K-Means: 24 colors.
   - Merged to 16 colors.
   - Melting gaps...
   - Analyzing Darkest Color (ID: 0, Lum: 5.6)...
   - SUCCESS: Detected lines (thinner than 30px).
   - Grouping neighbors and placing labels...
   - Consolidated 35 regions into 32 labels.
Processing 33.png...
   - Resizing from (1024, 1024) to (1024, 1024)...
   - Ironing gradients...
   - K-Means: 24 colors.
   - Merged to 19 colors.
   - Melting gaps...
   - Analyzing Darkest Color (ID: 0, Lum: 7.5)...
   - SUCCESS: Detected lines (thinner than 30px).
   - Grouping neighbors and placing labels...
   - Consolidated 117 regions into 83 labels.
Processing 34.png...
   - Resizing from (1024, 1024) to (1024, 1024)...
   - Ironing gradients...
   - K-Means: 24 colors.
   - Merged to 18 colors.
   - Melting gaps...
   - Analyzing Darkest Color (ID: 0, Lum: 6.6)...
   - SUCCESS: Detected lines (thinner than 30px).
   - Grouping neighbors and placing labels...
   - Consolidated 17 regions into 14 labels.
Processing 35.png...
   - Resizing from (1024, 1024) to (1024, 1024)...
   - Ironing gradients...
   - K-Means: 24 colors.
   - Merged to 12 colors.
   - Melting gaps...
   - Analyzing Darkest Color (ID: 0, Lum: 0.2)...
   - SUCCESS: Detected lines (thinner than 30px).
   - Grouping neighbors and placing labels...
   - Consolidated 16 regions into 14 labels.
Processing 36.png...
   - Resizing from (1024, 1024) to (1024, 1024)...
   - Ironing gradients...
   - K-Means: 24 colors.
   - Merged to 15 colors.
   - Melting gaps...
   - Analyzing Darkest Color (ID: 0, Lum: 7.0)...
   - SUCCESS: Detected lines (thinner than 30px).
   - Grouping neighbors and placing labels...
   - Consolidated 49 regions into 29 labels.
Processing 37.png...
   - Resizing from (1024, 1024) to (1024, 1024)...
   - Ironing gradients...
   - K-Means: 24 colors.
   - Merged to 10 colors.
   - Melting gaps...
   - Analyzing Darkest Color (ID: 0, Lum: 3.5)...
   - SUCCESS: Detected lines (thinner than 30px).
   - Grouping neighbors and placing labels...
   - Consolidated 30 regions into 23 labels.
Processing 38.png...
   - Resizing from (1024, 1024) to (1024, 1024)...
   - Ironing gradients...
   - K-Means: 24 colors.
   - Merged to 15 colors.
   - Melting gaps...
   - Analyzing Darkest Color (ID: 0, Lum: 5.4)...
   - SUCCESS: Detected lines (thinner than 30px).
   - Grouping neighbors and placing labels...
   - Consolidated 27 regions into 22 labels.
Processing 39.png...
   - Resizing from (1024, 1024) to (1024, 1024)...
   - Ironing gradients...
   - K-Means: 24 colors.
   - Merged to 16 colors.
   - Melting gaps...
   - Analyzing Darkest Color (ID: 0, Lum: 5.3)...
   - SUCCESS: Detected lines (thinner than 30px).
   - Grouping neighbors and placing labels...
   - Consolidated 30 regions into 22 labels.
Processing 40.png...
   - Resizing from (1024, 1024) to (1024, 1024)...
   - Ironing gradients...
   - K-Means: 24 colors.
   - Merged to 20 colors.
   - Melting gaps...
   - Analyzing Darkest Color (ID: 0, Lum: 6.6)...
   - SUCCESS: Detected lines (thinner than 30px).
   - Grouping neighbors and placing labels...
   - Consolidated 44 regions into 34 labels.
Processing 41.png...
   - Resizing from (1024, 1024) to (1024, 1024)...
   - Ironing gradients...
   - K-Means: 24 colors.
   - Merged to 16 colors.
   - Melting gaps...
   - Analyzing Darkest Color (ID: 0, Lum: 7.0)...
   - SUCCESS: Detected lines (thinner than 30px).
   - Grouping neighbors and placing labels...
   - Consolidated 26 regions into 24 labels.
Processing 42.png...
   - Resizing from (1024, 1024) to (1024, 1024)...
   - Ironing gradients...
   - K-Means: 24 colors.
   - Merged to 18 colors.
   - Melting gaps...
   - Analyzing Darkest Color (ID: 0, Lum: 6.6)...
   - SUCCESS: Detected lines (thinner than 30px).
   - Grouping neighbors and placing labels...
   - Consolidated 36 regions into 25 labels.
Processing 43.png...
   - Resizing from (1024, 1024) to (1024, 1024)...
   - Ironing gradients...
   - K-Means: 24 colors.
   - Merged to 15 colors.
   - Melting gaps...
   - Analyzing Darkest Color (ID: 0, Lum: 10.0)...
   - SUCCESS: Detected lines (thinner than 30px).
   - Grouping neighbors and placing labels...
   - Consolidated 30 regions into 19 labels.
Processing 44.png...
   - Resizing from (1024, 1024) to (1024, 1024)...
   - Ironing gradients...
   - K-Means: 24 colors.
   - Merged to 18 colors.
   - Melting gaps...
   - Analyzing Darkest Color (ID: 0, Lum: 7.9)...
   - SUCCESS: Detected lines (thinner than 30px).
   - Grouping neighbors and placing labels...
   - Consolidated 38 regions into 34 labels.
Processing 45.png...
   - Resizing from (1024, 1024) to (1024, 1024)...
   - Ironing gradients...
   - K-Means: 24 colors.
   - Merged to 17 colors.
   - Melting gaps...
   - Analyzing Darkest Color (ID: 0, Lum: 4.7)...
   - SUCCESS: Detected lines (thinner than 30px).
   - Grouping neighbors and placing labels...
   - Consolidated 23 regions into 12 labels.
Processing 46.png...
   - Resizing from (1024, 1024) to (1024, 1024)...
   - Ironing gradients...
   - K-Means: 24 colors.
   - Merged to 18 colors.
   - Melting gaps...
   - Analyzing Darkest Color (ID: 0, Lum: 10.0)...
   - SUCCESS: Detected lines (thinner than 30px).
   - Grouping neighbors and placing labels...
   - Consolidated 56 regions into 43 labels.
Processing 47.png...
   - Resizing from (1024, 1024) to (1024, 1024)...
   - Ironing gradients...
   - K-Means: 24 colors.
   - Merged to 20 colors.
   - Melting gaps...
   - Analyzing Darkest Color (ID: 0, Lum: 11.8)...
   - SUCCESS: Detected lines (thinner than 30px).
   - Grouping neighbors and placing labels...
   - Consolidated 17 regions into 16 labels.
Processing 48.png...
   - Resizing from (1024, 1024) to (1024, 1024)...
   - Ironing gradients...
   - K-Means: 24 colors.
   - Merged to 16 colors.
   - Melting gaps...
   - Analyzing Darkest Color (ID: 0, Lum: 7.3)...
   - SUCCESS: Detected lines (thinner than 30px).
   - Grouping neighbors and placing labels...
   - Consolidated 38 regions into 32 labels.
Processing 49.png...
   - Resizing from (1024, 1024) to (1024, 1024)...
   - Ironing gradients...
   - K-Means: 24 colors.
   - Merged to 13 colors.
   - Melting gaps...
   - Analyzing Darkest Color (ID: 0, Lum: 16.8)...
   - SUCCESS: Detected lines (thinner than 30px).
   - Grouping neighbors and placing labels...
   - Consolidated 23 regions into 22 labels.
Processing 50.png...
   - Resizing from (1024, 1024) to (1024, 1024)...
   - Ironing gradients...
   - K-Means: 24 colors.
   - Merged to 19 colors.
   - Melting gaps...
   - Analyzing Darkest Color (ID: 0, Lum: 9.3)...
   - SUCCESS: Detected lines (thinner than 30px).
   - Grouping neighbors and placing labels...
   - Consolidated 76 regions into 63 labels.
Processing 51.png...
   - Resizing from (1024, 1024) to (1024, 1024)...
   - Ironing gradients...
   - K-Means: 24 colors.
   - Merged to 21 colors.
   - Melting gaps...
   - Analyzing Darkest Color (ID: 0, Lum: 4.6)...
   - SUCCESS: Detected lines (thinner than 30px).
   - Grouping neighbors and placing labels...
   - Consolidated 28 regions into 17 labels.
Processing 52.png...
   - Resizing from (1024, 1024) to (1024, 1024)...
   - Ironing gradients...
   - K-Means: 24 colors.
   - Merged to 19 colors.
   - Melting gaps...
   - Analyzing Darkest Color (ID: 0, Lum: 9.6)...
   - SUCCESS: Detected lines (thinner than 30px).
   - Grouping neighbors and placing labels...
   - Consolidated 40 regions into 32 labels.
Processing 53.png...
   - Resizing from (1024, 1024) to (1024, 1024)...
   - Ironing gradients...
   - K-Means: 24 colors.
   - Merged to 17 colors.
   - Melting gaps...
   - Analyzing Darkest Color (ID: 0, Lum: 13.2)...
   - SUCCESS: Detected lines (thinner than 30px).
   - Grouping neighbors and placing labels...
   - Consolidated 31 regions into 17 labels.
Processing 54.png...
   - Resizing from (1024, 1024) to (1024, 1024)...
   - Ironing gradients...
   - K-Means: 24 colors.
   - Merged to 16 colors.
   - Melting gaps...
   - Analyzing Darkest Color (ID: 0, Lum: 13.2)...
   - SUCCESS: Detected lines (thinner than 30px).
   - Grouping neighbors and placing labels...
   - Consolidated 16 regions into 12 labels.
Processing 55.png...
   - Resizing from (1024, 1024) to (1024, 1024)...
   - Ironing gradients...
   - K-Means: 24 colors.
   - Merged to 15 colors.
   - Melting gaps...
   - Analyzing Darkest Color (ID: 0, Lum: 9.3)...
   - SUCCESS: Detected lines (thinner than 30px).
   - Grouping neighbors and placing labels...
   - Consolidated 37 regions into 26 labels.
Processing 56.png...
   - Resizing from (1024, 1024) to (1024, 1024)...
   - Ironing gradients...
   - K-Means: 24 colors.
   - Merged to 15 colors.
   - Melting gaps...
   - Analyzing Darkest Color (ID: 0, Lum: 10.1)...
   - SUCCESS: Detected lines (thinner than 30px).
   - Grouping neighbors and placing labels...
   - Consolidated 57 regions into 37 labels.
Processing 57.png...
   - Resizing from (1024, 1024) to (1024, 1024)...
   - Ironing gradients...
   - K-Means: 24 colors.
   - Merged to 19 colors.
   - Melting gaps...
   - Analyzing Darkest Color (ID: 0, Lum: 9.9)...
   - SUCCESS: Detected lines (thinner than 30px).
   - Grouping neighbors and placing labels...
   - Consolidated 170 regions into 114 labels.
Processing 58.png...
   - Resizing from (1024, 1024) to (1024, 1024)...
   - Ironing gradients...
   - K-Means: 24 colors.
   - Merged to 16 colors.
   - Melting gaps...
   - Analyzing Darkest Color (ID: 0, Lum: 7.1)...
   - SUCCESS: Detected lines (thinner than 30px).
   - Grouping neighbors and placing labels...
   - Consolidated 30 regions into 23 labels.
